INFO 2023-01-05 07:26:42 (507) 	 c:\ActivityMonitor\helpers\activity_logger.py F<module> L32 - Nothing has gone wrong
